============================= test session starts =============================
platform win32 -- Python 3.14.3, pytest-9.0.2, pluggy-1.6.0 -- C:\Users\HR Zuneko Labs\Desktop\langfuse-custom-tracer\.venv\Scripts\python.exe
cachedir: .pytest_cache
rootdir: C:\Users\HR Zuneko Labs\Desktop\langfuse-custom-tracer
configfile: pytest.ini
plugins: anyio-4.13.0, cov-7.1.0, timeout-2.4.0
timeout: 10.0s
timeout method: thread
timeout func_only: False
collecting ... collected 12 items

tests/test_client.py::TestCreateLangfuseClient::test_basic_client_creation FAILED [  8%]
tests/test_client.py::TestCreateLangfuseClient::test_custom_base_url FAILED [ 16%]
tests/test_client.py::TestCreateLangfuseClient::test_env_variables_set FAILED [ 25%]
tests/test_client.py::TestCreateLangfuseClient::test_get_client_called FAILED [ 33%]
tests/test_client.py::TestCreateLangfuseClient::test_missing_langfuse_import FAILED [ 41%]
tests/test_client.py::TestCreateLangfuseClient::test_overrides_existing_env_vars FAILED [ 50%]
tests/test_client.py::TestCreateLangfuseClient::test_docstring_example FAILED [ 58%]
tests/test_client.py::TestLoadEnv::test_load_env_nonexistent_file PASSED [ 66%]
tests/test_client.py::TestLoadEnv::test_load_env_calls_load_dotenv PASSED [ 75%]
tests/test_client.py::TestLoadEnv::test_load_env_with_custom_env_file PASSED [ 83%]
tests/test_client.py::TestEnvironmentIntegration::test_client_uses_env_vars FAILED [ 91%]
tests/test_client.py::TestEnvironmentIntegration::test_env_vars_persist_after_create_client FAILED [100%]

================================== FAILURES ===================================
_____________ TestCreateLangfuseClient.test_basic_client_creation _____________
tests\test_client.py:20: in test_basic_client_creation
    lf = create_langfuse_client(
langfuse_custom_tracer\client.py:53: in create_langfuse_client
    os.environ.setdefault("LANGFUSE_BASE_URL",   host)
                                                 ^^^^
E   NameError: name 'host' is not defined
________________ TestCreateLangfuseClient.test_custom_base_url ________________
tests\test_client.py:36: in test_custom_base_url
    lf = create_langfuse_client(
langfuse_custom_tracer\client.py:53: in create_langfuse_client
    os.environ.setdefault("LANGFUSE_BASE_URL",   host)
                                                 ^^^^
E   NameError: name 'host' is not defined
_______________ TestCreateLangfuseClient.test_env_variables_set _______________
tests\test_client.py:50: in test_env_variables_set
    create_langfuse_client(
langfuse_custom_tracer\client.py:53: in create_langfuse_client
    os.environ.setdefault("LANGFUSE_BASE_URL",   host)
                                                 ^^^^
E   NameError: name 'host' is not defined
_______________ TestCreateLangfuseClient.test_get_client_called _______________
tests\test_client.py:65: in test_get_client_called
    lf = create_langfuse_client(
langfuse_custom_tracer\client.py:53: in create_langfuse_client
    os.environ.setdefault("LANGFUSE_BASE_URL",   host)
                                                 ^^^^
E   NameError: name 'host' is not defined
____________ TestCreateLangfuseClient.test_missing_langfuse_import ____________
tests\test_client.py:77: in test_missing_langfuse_import
    create_langfuse_client("sk-lf-test", "pk-lf-test")
langfuse_custom_tracer\client.py:53: in create_langfuse_client
    os.environ.setdefault("LANGFUSE_BASE_URL",   host)
                                                 ^^^^
E   NameError: name 'host' is not defined
__________ TestCreateLangfuseClient.test_overrides_existing_env_vars __________
tests\test_client.py:88: in test_overrides_existing_env_vars
    create_langfuse_client(
langfuse_custom_tracer\client.py:53: in create_langfuse_client
    os.environ.setdefault("LANGFUSE_BASE_URL",   host)
                                                 ^^^^
E   NameError: name 'host' is not defined
_______________ TestCreateLangfuseClient.test_docstring_example _______________
tests\test_client.py:103: in test_docstring_example
    lf = create_langfuse_client("sk-lf-...", "pk-lf-...")
         ^^^^^^^^^^^^^^^^^^^^^^^^^^^^^^^^^^^^^^^^^^^^^^^^
langfuse_custom_tracer\client.py:53: in create_langfuse_client
    os.environ.setdefault("LANGFUSE_BASE_URL",   host)
                                                 ^^^^
E   NameError: name 'host' is not defined
____________ TestEnvironmentIntegration.test_client_uses_env_vars _____________
tests\test_client.py:152: in test_client_uses_env_vars
    create_langfuse_client(test_secret, test_public)
langfuse_custom_tracer\client.py:53: in create_langfuse_client
    os.environ.setdefault("LANGFUSE_BASE_URL",   host)
                                                 ^^^^
E   NameError: name 'host' is not defined
____ TestEnvironmentIntegration.test_env_vars_persist_after_create_client _____
tests\test_client.py:166: in test_env_vars_persist_after_create_client
    create_langfuse_client("sk-integration", "pk-integration")
langfuse_custom_tracer\client.py:53: in create_langfuse_client
    os.environ.setdefault("LANGFUSE_BASE_URL",   host)
                                                 ^^^^
E   NameError: name 'host' is not defined
============================== warnings summary ===============================
tests/test_client.py::TestCreateLangfuseClient::test_basic_client_creation
  C:\Users\HR Zuneko Labs\Desktop\langfuse-custom-tracer\.venv\Lib\site-packages\langfuse\api\core\pydantic_utilities.py:27: UserWarning: Core Pydantic V1 functionality isn't compatible with Python 3.14 or greater.
    from pydantic.v1.datetime_parse import parse_date as parse_date

-- Docs: https://docs.pytest.org/en/stable/how-to/capture-warnings.html
=============================== tests coverage ================================
_______________ coverage: platform win32, python 3.14.3-final-0 _______________

Name                                          Stmts   Miss  Cover   Missing
---------------------------------------------------------------------------
langfuse_custom_tracer\__init__.py                8      0   100%
langfuse_custom_tracer\client.py                 21      8    62%   45-46, 56-60, 88-89
langfuse_custom_tracer\tracers\__init__.py        4      0   100%
langfuse_custom_tracer\tracers\anthropic.py      44     38    14%   99-109, 160-219
langfuse_custom_tracer\tracers\base.py           48     38    21%   28, 56-75, 99-119, 123-127, 134
langfuse_custom_tracer\tracers\gemini.py         40     33    18%   26-30, 83-129
---------------------------------------------------------------------------
TOTAL                                           165    117    29%
Coverage HTML written to dir htmlcov
=========================== short test summary info ===========================
FAILED tests/test_client.py::TestCreateLangfuseClient::test_basic_client_creation - NameError: name 'host' is not defined
FAILED tests/test_client.py::TestCreateLangfuseClient::test_custom_base_url - NameError: name 'host' is not defined
FAILED tests/test_client.py::TestCreateLangfuseClient::test_env_variables_set - NameError: name 'host' is not defined
FAILED tests/test_client.py::TestCreateLangfuseClient::test_get_client_called - NameError: name 'host' is not defined
FAILED tests/test_client.py::TestCreateLangfuseClient::test_missing_langfuse_import - NameError: name 'host' is not defined
FAILED tests/test_client.py::TestCreateLangfuseClient::test_overrides_existing_env_vars - NameError: name 'host' is not defined
FAILED tests/test_client.py::TestCreateLangfuseClient::test_docstring_example - NameError: name 'host' is not defined
FAILED tests/test_client.py::TestEnvironmentIntegration::test_client_uses_env_vars - NameError: name 'host' is not defined
FAILED tests/test_client.py::TestEnvironmentIntegration::test_env_vars_persist_after_create_client - NameError: name 'host' is not defined
=================== 9 failed, 3 passed, 1 warning in 2.23s ====================
