============================= test session starts =============================
platform win32 -- Python 3.14.3, pytest-9.0.3, pluggy-1.6.0 -- C:\Users\HR Zuneko Labs\Desktop\langfuse\langfuse-custom-tracer\.testpypi-venv\Scripts\python.exe
cachedir: .pytest_cache
rootdir: C:\Users\HR Zuneko Labs\Desktop\langfuse\langfuse-custom-tracer
configfile: pytest.ini
plugins: anyio-4.13.0, cov-7.1.0
collecting ... collected 134 items

tests/test_anthropic_tracer.py::TestAnthropicTracerInitialization::test_anthropic_tracer_creation PASSED [  0%]
tests/test_anthropic_tracer.py::TestAnthropicTracerInitialization::test_pricing_manager_has_models FAILED [  1%]

================================== FAILURES ===================================
______ TestAnthropicTracerInitialization.test_pricing_manager_has_models ______
tests\test_anthropic_tracer.py:62: in test_pricing_manager_has_models
    assert pm.model_count >= 5
           ^^^^^^^^^^^^^^
E   AttributeError: 'PricingManager' object has no attribute 'model_count'
============================== warnings summary ===============================
.testpypi-venv\Lib\site-packages\_pytest\config\__init__.py:1434
  C:\Users\HR Zuneko Labs\Desktop\langfuse\langfuse-custom-tracer\.testpypi-venv\Lib\site-packages\_pytest\config\__init__.py:1434: PytestConfigWarning: Unknown config option: timeout
  
    self._warn_or_fail_if_strict(f"Unknown config option: {key}\n")

-- Docs: https://docs.pytest.org/en/stable/how-to/capture-warnings.html
=========================== short test summary info ===========================
FAILED tests/test_anthropic_tracer.py::TestAnthropicTracerInitialization::test_pricing_manager_has_models
!!!!!!!!!!!!!!!!!!!!!!!!!! stopping after 1 failures !!!!!!!!!!!!!!!!!!!!!!!!!!
=================== 1 failed, 1 passed, 1 warning in 1.74s ====================
